C:\Users\os\Documents\MCUXpressoIDE_11.8.0_1165\2_13_RT1160\evkmimxrt1160_lwip_mqtt_freertos_cm7\drivers/fsl_clock.h:2143:20:CLOCK_ControlGate	16	static
C:\Users\os\Documents\MCUXpressoIDE_11.8.0_1165\2_13_RT1160\evkmimxrt1160_lwip_mqtt_freertos_cm7\drivers/fsl_clock.h:2162:20:CLOCK_EnableClock	16	static
C:\Users\os\Documents\MCUXpressoIDE_11.8.0_1165\2_13_RT1160\evkmimxrt1160_lwip_mqtt_freertos_cm7\drivers/fsl_iomuxc.h:1633:20:IOMUXC_SetPinMux	24	static
C:\Users\os\Documents\MCUXpressoIDE_11.8.0_1165\2_13_RT1160\evkmimxrt1160_lwip_mqtt_freertos_cm7\drivers/fsl_iomuxc.h:1665:20:IOMUXC_SetPinConfig	24	static
../board/pin_mux.c:28:6:BOARD_InitBootPins	8	static
../board/pin_mux.c:50:6:BOARD_InitPins	16	static
../board/pin_mux.c:106:6:BOARD_InitEnetPins	16	static
../board/pin_mux.c:187:6:BOARD_InitEnet1GPins	16	static
