C:\Users\os\Documents\MCUXpressoIDE_11.8.0_1165\2_13_RT1160\evkmimxrt1160_lwip_mqtt_freertos_cm7\CMSIS/core_cm7.h:1911:22:__NVIC_EnableIRQ	16	static
../drivers/fsl_clock.h:2143:20:CLOCK_ControlGate	16	static
../drivers/fsl_clock.h:2162:20:CLOCK_EnableClock	16	static
../drivers/fsl_clock.h:2172:20:CLOCK_DisableClock	16	static
../drivers/fsl_common_arm.h:499:24:EnableIRQ	24	static
../drivers/fsl_common_arm.h:717:24:DisableGlobalIRQ	16	static
../drivers/fsl_common_arm.h:743:20:EnableGlobalIRQ	24	static
../drivers/fsl_enet.h:919:20:ENET_Reset	16	static
../drivers/fsl_enet.h:962:20:ENET_GetSMI	16	static
../drivers/fsl_enet.h:973:24:ENET_ReadSMIData	16	static
../drivers/fsl_enet.h:991:20:ENET_StartSMIWrite	16	static
../drivers/fsl_enet.h:1010:20:ENET_StartSMIRead	16	static
../drivers/fsl_enet.h:1053:20:ENET_StartExtC45SMIWriteReg	16	static
../drivers/fsl_enet.h:1071:20:ENET_StartExtC45SMIWriteData	16	static
../drivers/fsl_enet.h:1088:20:ENET_StartExtC45SMIReadData	16	static
../drivers/fsl_enet.h:1261:20:ENET_EnableSleepMode	16	static
../drivers/fsl_enet.h:1313:20:ENET_EnableInterrupts	16	static
../drivers/fsl_enet.h:1344:24:ENET_GetInterruptStatus	16	static
../drivers/fsl_enet.h:1363:20:ENET_ClearInterruptStatus	16	static
../drivers/fsl_enet.c:174:10:ENET_GetInstance	24	static
../drivers/fsl_enet.c:206:6:ENET_GetDefaultConfig	16	static
../drivers/fsl_enet.c:257:10:ENET_Up	40	static
../drivers/fsl_enet.c:323:10:ENET_Init	40	static
../drivers/fsl_enet.c:354:6:ENET_Down	24	static
../drivers/fsl_enet.c:378:6:ENET_Deinit	16	static
../drivers/fsl_enet.c:396:6:ENET_SetCallback	24	static
../drivers/fsl_enet.c:406:6:ENET_SetRxISRHandler	24	static
../drivers/fsl_enet.c:414:6:ENET_SetTxISRHandler	24	static
../drivers/fsl_enet.c:439:6:ENET_SetErrISRHandler	24	static
../drivers/fsl_enet.c:465:13:ENET_SetHandler	40	static
../drivers/fsl_enet.c:522:13:ENET_SetMacController	64	static
../drivers/fsl_enet.c:785:13:ENET_SetTxBufferDescriptors	96	static
../drivers/fsl_enet.c:851:13:ENET_SetRxBufferDescriptors	96	static
../drivers/fsl_enet.c:949:17:ENET_RxBufferAllocAll	64	static
../drivers/fsl_enet.c:1002:13:ENET_RxBufferFreeAll	48	static
../drivers/fsl_enet.c:1054:20:ENET_ActiveReadRing	16	static
../drivers/fsl_enet.c:1091:13:ENET_ActiveSendRing	24	static
../drivers/fsl_enet.c:1146:6:ENET_SetMII	32	static
../drivers/fsl_enet.c:1202:6:ENET_SetMacAddr	24	static
../drivers/fsl_enet.c:1222:6:ENET_GetMacAddr	24	static
../drivers/fsl_enet.c:1250:6:ENET_SetSMI	40	static
../drivers/fsl_enet.c:1270:17:ENET_MDIOWaitTransferOver	24	static
../drivers/fsl_enet.c:1309:10:ENET_MDIOWrite	32	static
../drivers/fsl_enet.c:1341:10:ENET_MDIORead	32	static
../drivers/fsl_enet.c:1380:10:ENET_MDIOC45Write	24	static
../drivers/fsl_enet.c:1416:10:ENET_MDIOC45Read	24	static
../drivers/fsl_enet.c:1445:17:ENET_IncreaseIndex	16	static
../drivers/fsl_enet.c:1458:20:ENET_TxDirtyRingAvailable	16	static
../drivers/fsl_enet.c:1482:6:ENET_GetRxErrBeforeReadFrame	40	static
../drivers/fsl_enet.c:1565:6:ENET_GetStatistics	16	static
../drivers/fsl_enet.c:1599:10:ENET_GetRxFrameSize	48	static
../drivers/fsl_enet.c:1716:10:ENET_ReadFrame	64	static
../drivers/fsl_enet.c:1825:13:ENET_UpdateReadBuffers	32	static
../drivers/fsl_enet.c:1866:10:ENET_SendFrame	72	static
../drivers/fsl_enet.c:2084:10:ENET_SetTxReclaim	32	static
../drivers/fsl_enet.c:2125:6:ENET_ReclaimTxDescriptor	64	static
../drivers/fsl_enet.c:2181:10:ENET_GetRxBuffer	40	static
../drivers/fsl_enet.c:2252:6:ENET_ReleaseRxBuffer	48	static
../drivers/fsl_enet.c:2350:24:ENET_GetRxFrameErr	32	static
../drivers/fsl_enet.c:2416:10:ENET_GetRxFrame	96	static
../drivers/fsl_enet.c:2666:10:ENET_StartTxFrame	112	static
../drivers/fsl_enet.c:2803:10:ENET_SendFrameZeroCopy	104	static
../drivers/fsl_enet.c:2991:6:ENET_AddMulticastGroup	40	static
../drivers/fsl_enet.c:3044:6:ENET_LeaveMulticastGroup	40	static
../drivers/fsl_enet.c:3439:6:ENET_TransmitIRQHandler	56	static
../drivers/fsl_enet.c:3505:6:ENET_ReceiveIRQHandler	48	static
../drivers/fsl_enet.c:3552:6:ENET_ErrorIRQHandler	40	static
../drivers/fsl_enet.c:3649:6:ENET_CommonFrame0IRQHandler	24	static
../drivers/fsl_enet.c:3697:6:ENET_CommonFrame1IRQHandler	24	static
../drivers/fsl_enet.c:3727:6:ENET_CommonFrame2IRQHandler	24	static
../drivers/fsl_enet.c:3751:6:ENET_Ptp1588IRQHandler	24	static
../drivers/fsl_enet.c:3836:6:ENET_MAC0_Rx_Tx_Done1_DriverIRQHandler	8	static
../drivers/fsl_enet.c:3842:6:ENET_MAC0_Rx_Tx_Done2_DriverIRQHandler	8	static
../drivers/fsl_enet.c:3850:6:ENET_DriverIRQHandler	8	static
../drivers/fsl_enet.c:3857:6:ENET_1588_Timer_DriverIRQHandler	8	static
../drivers/fsl_enet.c:3948:6:ENET_1G_DriverIRQHandler	8	static
../drivers/fsl_enet.c:3954:6:ENET_1G_MAC0_Tx_Rx_1_DriverIRQHandler	8	static
../drivers/fsl_enet.c:3960:6:ENET_1G_MAC0_Tx_Rx_2_DriverIRQHandler	8	static
../drivers/fsl_enet.c:3966:6:ENET_1G_1588_Timer_DriverIRQHandler	8	static
