C:\Users\os\Documents\MCUXpressoIDE_11.8.0_1165\2_13_RT1160\evkmimxrt1160_lwip_mqtt_freertos_cm7\CMSIS/core_cm7.h:1911:22:__NVIC_EnableIRQ	16	static
C:\Users\os\Documents\MCUXpressoIDE_11.8.0_1165\2_13_RT1160\evkmimxrt1160_lwip_mqtt_freertos_cm7\drivers/fsl_clock.h:2036:24:CLOCK_GetRootClockMux	16	static
C:\Users\os\Documents\MCUXpressoIDE_11.8.0_1165\2_13_RT1160\evkmimxrt1160_lwip_mqtt_freertos_cm7\drivers/fsl_clock.h:2077:24:CLOCK_GetRootClockDiv	16	static
C:\Users\os\Documents\MCUXpressoIDE_11.8.0_1165\2_13_RT1160\evkmimxrt1160_lwip_mqtt_freertos_cm7\drivers/fsl_clock.h:2122:20:CLOCK_SetRootClock	16	static
C:\Users\os\Documents\MCUXpressoIDE_11.8.0_1165\2_13_RT1160\evkmimxrt1160_lwip_mqtt_freertos_cm7\drivers/fsl_clock.h:2143:20:CLOCK_ControlGate	16	static
C:\Users\os\Documents\MCUXpressoIDE_11.8.0_1165\2_13_RT1160\evkmimxrt1160_lwip_mqtt_freertos_cm7\drivers/fsl_clock.h:2162:20:CLOCK_EnableClock	16	static
C:\Users\os\Documents\MCUXpressoIDE_11.8.0_1165\2_13_RT1160\evkmimxrt1160_lwip_mqtt_freertos_cm7\drivers/fsl_clock.h:2205:24:CLOCK_GetRootClockFreq	32	static
C:\Users\os\Documents\MCUXpressoIDE_11.8.0_1165\2_13_RT1160\evkmimxrt1160_lwip_mqtt_freertos_cm7\drivers/fsl_common_arm.h:499:24:EnableIRQ	24	static
C:\Users\os\Documents\MCUXpressoIDE_11.8.0_1165\2_13_RT1160\evkmimxrt1160_lwip_mqtt_freertos_cm7\drivers/fsl_gpio.h:101:20:GPIO_WritePinOutput	24	static
../source/lwip_mqtt_freertos.c:137:6:BOARD_InitModuleClock	24	static
../source/lwip_mqtt_freertos.c:153:6:IOMUXC_SelectENETClock	4	static
../source/lwip_mqtt_freertos.c:163:6:BOARD_ENETFlexibleConfigure	16	static
../source/lwip_mqtt_freertos.c:172:13:MDIO_Init	8	static
../source/lwip_mqtt_freertos.c:178:17:MDIO_Write	16	static
../source/lwip_mqtt_freertos.c:183:17:MDIO_Read	16	static
../source/lwip_mqtt_freertos.c:194:13:stack_init	64	static
../source/lwip_mqtt_freertos.c:246:5:main	24	static
